分类: 📺央视频道, 名称: CCTV-1, 总数: 254, 有效率: 0.39%, 有效: 1, IPv4: 254, IPv6: 0, 最小延迟: 55 ms, 最高速率: 0.72 MiB/s, 平均速率: 0.72 MiB/s, 最高分辨率: 1920x1080, 平均帧率: 25.58, 视频编解码器: h264, 音频编解码器: mp2
分类: 📺央视频道, 名称: CCTV-2, 总数: 201, 有效率: 1.49%, 有效: 3, IPv4: 201, IPv6: 0, 最小延迟: 35 ms, 最高速率: 5.59 MiB/s, 平均速率: 2.06 MiB/s, 最高分辨率: 1920x1080, 平均帧率: 25.0, 视频编解码器: h264, 音频编解码器: mp2
分类: 📺央视频道, 名称: CCTV-3, 总数: 189, 有效率: 0.00%, 有效: 0, IPv4: 189, IPv6: 0, 最小延迟: 39 ms, 最高速率: 3.16 MiB/s, 平均速率: 0.00 MiB/s, 最高分辨率: 1920x1080, 平均帧率: 26.14, 视频编解码器: h264, 音频编解码器: aac
分类: 📺央视频道, 名称: CCTV-4, 总数: 205, 有效率: 0.98%, 有效: 2, IPv4: 205, IPv6: 0, 最小延迟: 8 ms, 最高速率: 22.37 MiB/s, 平均速率: 1.12 MiB/s, 最高分辨率: 1920x1080, 平均帧率: 26.85, 视频编解码器: h264, 音频编解码器: mp2
分类: 📺央视频道, 名称: CCTV-5, 总数: 222, 有效率: 0.45%, 有效: 1, IPv4: 222, IPv6: 0, 最小延迟: 56 ms, 最高速率: 1.51 MiB/s, 平均速率: 1.51 MiB/s, 最高分辨率: 1920x1080, 平均帧率: 25.0, 视频编解码器: h264, 音频编解码器: aac
分类: 📺央视频道, 名称: CCTV-5+, 总数: 156, 有效率: 0.00%, 有效: 0, IPv4: 156, IPv6: 0, 最小延迟: 100 ms, 最高速率: 0.34 MiB/s, 平均速率: 0.00 MiB/s, 最高分辨率: 1920x1080, 平均帧率: 25.0, 视频编解码器: h264, 音频编解码器: mp2
分类: 📺央视频道, 名称: CCTV-6, 总数: 198, 有效率: 0.51%, 有效: 1, IPv4: 198, IPv6: 0, 最小延迟: 53 ms, 最高速率: 2.47 MiB/s, 平均速率: 2.47 MiB/s, 最高分辨率: 1920x1080, 平均帧率: 26.14, 视频编解码器: h264, 音频编解码器: aac
分类: 📺央视频道, 名称: CCTV-7, 总数: 190, 有效率: 1.05%, 有效: 2, IPv4: 190, IPv6: 0, 最小延迟: 53 ms, 最高速率: 5.12 MiB/s, 平均速率: 2.99 MiB/s, 最高分辨率: 1920x1080, 平均帧率: 27.5, 视频编解码器: h264, 音频编解码器: mp2
分类: 📺央视频道, 名称: CCTV-8, 总数: 199, 有效率: 1.01%, 有效: 2, IPv4: 199, IPv6: 0, 最小延迟: 40 ms, 最高速率: 2.67 MiB/s, 平均速率: 1.46 MiB/s, 最高分辨率: 1920x1080, 平均帧率: 25.0, 视频编解码器: h264, 音频编解码器: aac
分类: 📺央视频道, 名称: CCTV-9, 总数: 200, 有效率: 0.50%, 有效: 1, IPv4: 200, IPv6: 0, 最小延迟: 38 ms, 最高速率: 5.85 MiB/s, 平均速率: 1.28 MiB/s, 最高分辨率: 1920x1080, 平均帧率: 25.0, 视频编解码器: h264, 音频编解码器: mp2
分类: 📺央视频道, 名称: CCTV-10, 总数: 196, 有效率: 0.51%, 有效: 1, IPv4: 196, IPv6: 0, 最小延迟: 8 ms, 最高速率: 18.19 MiB/s, 平均速率: 0.37 MiB/s, 最高分辨率: 1920x1080, 平均帧率: 27.42, 视频编解码器: h264, 音频编解码器: mp2
分类: 📺央视频道, 名称: CCTV-11, 总数: 177, 有效率: 0.56%, 有效: 1, IPv4: 177, IPv6: 0, 最小延迟: 38 ms, 最高速率: 2.94 MiB/s, 平均速率: 1.43 MiB/s, 最高分辨率: 1920x1080, 平均帧率: 26.04, 视频编解码器: h264, 音频编解码器: mp2
分类: 📺央视频道, 名称: CCTV-12, 总数: 194, 有效率: 0.52%, 有效: 1, IPv4: 194, IPv6: 0, 最小延迟: 56 ms, 最高速率: 1.80 MiB/s, 平均速率: 1.80 MiB/s, 最高分辨率: 1920x1080, 平均帧率: 28.0, 视频编解码器: h264, 音频编解码器: mp2
分类: 📺央视频道, 名称: CCTV-13, 总数: 194, 有效率: 0.52%, 有效: 1, IPv4: 194, IPv6: 0, 最小延迟: 52 ms, 最高速率: 3.30 MiB/s, 平均速率: 3.30 MiB/s, 最高分辨率: 1920x1080, 平均帧率: 27.0, 视频编解码器: h264, 音频编解码器: mp2
分类: 📺央视频道, 名称: CCTV-14, 总数: 192, 有效率: 0.52%, 有效: 1, IPv4: 192, IPv6: 0, 最小延迟: 36 ms, 最高速率: 2.85 MiB/s, 平均速率: 2.85 MiB/s, 最高分辨率: 1920x1080, 平均帧率: 27.27, 视频编解码器: h264, 音频编解码器: mp2
分类: 📺央视频道, 名称: CCTV-15, 总数: 173, 有效率: 0.58%, 有效: 1, IPv4: 173, IPv6: 0, 最小延迟: 55 ms, 最高速率: 0.78 MiB/s, 平均速率: 0.78 MiB/s, 最高分辨率: 1920x1080, 平均帧率: 27.38, 视频编解码器: h264, 音频编解码器: mp2
分类: 📺央视频道, 名称: CCTV-16, 总数: 106, 有效率: 0.94%, 有效: 1, IPv4: 106, IPv6: 0, 最小延迟: 54 ms, 最高速率: 2.56 MiB/s, 平均速率: 2.56 MiB/s, 最高分辨率: 3840x2160, 平均帧率: 25.0, 视频编解码器: h264, 音频编解码器: mp2
分类: 📺央视频道, 名称: CCTV-17, 总数: 99, 有效率: 1.01%, 有效: 1, IPv4: 99, IPv6: 0, 最小延迟: 38 ms, 最高速率: 3.03 MiB/s, 平均速率: 0.24 MiB/s, 最高分辨率: 1920x1080, 平均帧率: 25.0, 视频编解码器: h264, 音频编解码器: mp2
分类: 📡卫视频道, 名称: 五星体育, 总数: 8, 有效率: 0.00%, 有效: 0, IPv4: 8, IPv6: 0, 最小延迟: 64 ms, 最高速率: 0.34 MiB/s, 平均速率: 0.00 MiB/s, 最高分辨率: 1920x1080, 平均帧率: 25.0, 视频编解码器: h264, 音频编解码器: mp2
分类: 📡卫视频道, 名称: 金鹰卡通, 总数: 94, 有效率: 0.00%, 有效: 0, IPv4: 94, IPv6: 0, 最小延迟: 369 ms, 最高速率: 0.32 MiB/s, 平均速率: 0.00 MiB/s, 最高分辨率: 1920x1080, 平均帧率: 25.0, 视频编解码器: h264, 音频编解码器: mp2
分类: 📡卫视频道, 名称: 卡酷少儿, 总数: 68, 有效率: 0.00%, 有效: 0, IPv4: 68, IPv6: 0, 最小延迟: 482 ms, 最高速率: 0.28 MiB/s, 平均速率: 0.00 MiB/s, 最高分辨率: 1920x1080, 平均帧率: 25.0, 视频编解码器: h264, 音频编解码器: mp2
分类: 📡卫视频道, 名称: 广东卫视, 总数: 201, 有效率: 1.00%, 有效: 2, IPv4: 201, IPv6: 0, 最小延迟: 56 ms, 最高速率: 7.65 MiB/s, 平均速率: 4.10 MiB/s, 最高分辨率: 1920x1080, 平均帧率: 25.0, 视频编解码器: h264, 音频编解码器: mp2
分类: 📡卫视频道, 名称: 浙江卫视, 总数: 176, 有效率: 1.14%, 有效: 2, IPv4: 176, IPv6: 0, 最小延迟: 8 ms, 最高速率: 20.37 MiB/s, 平均速率: 2.18 MiB/s, 最高分辨率: 3840x2160, 平均帧率: 28.0, 视频编解码器: h264, 音频编解码器: mp2
分类: 📡卫视频道, 名称: 湖南卫视, 总数: 207, 有效率: 2.42%, 有效: 5, IPv4: 207, IPv6: 0, 最小延迟: 7 ms, 最高速率: 52.17 MiB/s, 平均速率: 19.09 MiB/s, 最高分辨率: 3840x2160, 平均帧率: 27.17, 视频编解码器: h264, 音频编解码器: mp2
分类: 📡卫视频道, 名称: 北京卫视, 总数: 207, 有效率: 0.97%, 有效: 2, IPv4: 207, IPv6: 0, 最小延迟: 7 ms, 最高速率: 7.57 MiB/s, 平均速率: 7.13 MiB/s, 最高分辨率: 3840x2160, 平均帧率: 28.41, 视频编解码器: h264, 音频编解码器: mp2
分类: 📡卫视频道, 名称: 湖北卫视, 总数: 186, 有效率: 1.08%, 有效: 2, IPv4: 186, IPv6: 0, 最小延迟: 54 ms, 最高速率: 1.94 MiB/s, 平均速率: 1.08 MiB/s, 最高分辨率: 1920x1080, 平均帧率: 26.09, 视频编解码器: h264, 音频编解码器: mp2
分类: 📡卫视频道, 名称: 黑龙江卫视, 总数: 171, 有效率: 0.58%, 有效: 1, IPv4: 171, IPv6: 0, 最小延迟: 53 ms, 最高速率: 7.41 MiB/s, 平均速率: 7.41 MiB/s, 最高分辨率: 1920x1080, 平均帧率: 25.0, 视频编解码器: h264, 音频编解码器: mp2
分类: 📡卫视频道, 名称: 安徽卫视, 总数: 163, 有效率: 0.61%, 有效: 1, IPv4: 163, IPv6: 0, 最小延迟: 25 ms, 最高速率: 8.08 MiB/s, 平均速率: 8.08 MiB/s, 最高分辨率: 1920x1080, 平均帧率: 26.25, 视频编解码器: h264, 音频编解码器: mp2
分类: 📡卫视频道, 名称: 重庆卫视, 总数: 180, 有效率: 0.56%, 有效: 1, IPv4: 180, IPv6: 0, 最小延迟: 8 ms, 最高速率: 18.56 MiB/s, 平均速率: 5.52 MiB/s, 最高分辨率: 1920x1080, 平均帧率: 25.0, 视频编解码器: h264, 音频编解码器: mp2
分类: 📡卫视频道, 名称: 东方卫视, 总数: 188, 有效率: 1.06%, 有效: 2, IPv4: 188, IPv6: 0, 最小延迟: 53 ms, 最高速率: 7.11 MiB/s, 平均速率: 5.03 MiB/s, 最高分辨率: 1920x1080, 平均帧率: 26.39, 视频编解码器: h264, 音频编解码器: mp2
分类: 📡卫视频道, 名称: 东南卫视, 总数: 164, 有效率: 0.61%, 有效: 1, IPv4: 164, IPv6: 0, 最小延迟: 38 ms, 最高速率: 8.01 MiB/s, 平均速率: 8.01 MiB/s, 最高分辨率: 1920x1080, 平均帧率: 25.0, 视频编解码器: h264, 音频编解码器: mp2
分类: 📡卫视频道, 名称: 甘肃卫视, 总数: 123, 有效率: 0.81%, 有效: 1, IPv4: 123, IPv6: 0, 最小延迟: 54 ms, 最高速率: 7.42 MiB/s, 平均速率: 7.42 MiB/s, 最高分辨率: 1920x1080, 平均帧率: 25.0, 视频编解码器: h264, 音频编解码器: mp2
分类: 📡卫视频道, 名称: 广西卫视, 总数: 147, 有效率: 1.36%, 有效: 2, IPv4: 147, IPv6: 0, 最小延迟: 35 ms, 最高速率: 33.31 MiB/s, 平均速率: 20.62 MiB/s, 最高分辨率: 3840x2160, 平均帧率: 27.38, 视频编解码器: h264, 音频编解码器: aac
分类: 📡卫视频道, 名称: 贵州卫视, 总数: 170, 有效率: 0.59%, 有效: 1, IPv4: 170, IPv6: 0, 最小延迟: 53 ms, 最高速率: 6.06 MiB/s, 平均速率: 6.06 MiB/s, 最高分辨率: 1920x1080, 平均帧率: 26.04, 视频编解码器: h264, 音频编解码器: mp2
分类: 📡卫视频道, 名称: 海南卫视, 总数: 131, 有效率: 0.76%, 有效: 1, IPv4: 131, IPv6: 0, 最小延迟: 54 ms, 最高速率: 0.33 MiB/s, 平均速率: 0.31 MiB/s, 最高分辨率: 1920x1080, 平均帧率: 26.79, 视频编解码器: h264, 音频编解码器: mp2
分类: 📡卫视频道, 名称: 河北卫视, 总数: 170, 有效率: 0.59%, 有效: 1, IPv4: 170, IPv6: 0, 最小延迟: 37 ms, 最高速率: 7.35 MiB/s, 平均速率: 7.35 MiB/s, 最高分辨率: 1920x1080, 平均帧率: 26.25, 视频编解码器: h264, 音频编解码器: mp2
分类: 📡卫视频道, 名称: 河南卫视, 总数: 183, 有效率: 0.55%, 有效: 1, IPv4: 183, IPv6: 0, 最小延迟: 53 ms, 最高速率: 8.02 MiB/s, 平均速率: 8.02 MiB/s, 最高分辨率: 1920x1080, 平均帧率: 27.94, 视频编解码器: h264, 音频编解码器: mp2
分类: 📡卫视频道, 名称: 吉林卫视, 总数: 159, 有效率: 0.63%, 有效: 1, IPv4: 159, IPv6: 0, 最小延迟: 9 ms, 最高速率: 20.02 MiB/s, 平均速率: 8.77 MiB/s, 最高分辨率: 1920x1080, 平均帧率: 26.25, 视频编解码器: h264, 音频编解码器: mp2
分类: 📡卫视频道, 名称: 江苏卫视, 总数: 192, 有效率: 1.04%, 有效: 2, IPv4: 192, IPv6: 0, 最小延迟: 53 ms, 最高速率: 8.02 MiB/s, 平均速率: 7.84 MiB/s, 最高分辨率: 1920x1080, 平均帧率: 25.0, 视频编解码器: h264, 音频编解码器: mp2
分类: 📡卫视频道, 名称: 江西卫视, 总数: 179, 有效率: 0.56%, 有效: 1, IPv4: 179, IPv6: 0, 最小延迟: 24 ms, 最高速率: 3.03 MiB/s, 平均速率: 3.03 MiB/s, 最高分辨率: 1920x1080, 平均帧率: 27.27, 视频编解码器: h264, 音频编解码器: mp2
分类: 📡卫视频道, 名称: 辽宁卫视, 总数: 171, 有效率: 1.17%, 有效: 2, IPv4: 171, IPv6: 0, 最小延迟: 53 ms, 最高速率: 6.29 MiB/s, 平均速率: 3.28 MiB/s, 最高分辨率: 1920x1080, 平均帧率: 25.0, 视频编解码器: h264, 音频编解码器: mp2
分类: 📡卫视频道, 名称: 内蒙古卫视, 总数: 79, 有效率: 1.27%, 有效: 1, IPv4: 79, IPv6: 0, 最小延迟: 53 ms, 最高速率: 1.48 MiB/s, 平均速率: 1.48 MiB/s, 最高分辨率: 1920x1080, 平均帧率: 25.0, 视频编解码器: h264, 音频编解码器: mp2
分类: 📡卫视频道, 名称: 宁夏卫视, 总数: 80, 有效率: 1.25%, 有效: 1, IPv4: 80, IPv6: 0, 最小延迟: 53 ms, 最高速率: 7.29 MiB/s, 平均速率: 7.29 MiB/s, 最高分辨率: 1920x1080, 平均帧率: 25.0, 视频编解码器: h264, 音频编解码器: mp2
分类: 📡卫视频道, 名称: 青海卫视, 总数: 130, 有效率: 0.77%, 有效: 1, IPv4: 130, IPv6: 0, 最小延迟: 56 ms, 最高速率: 1.01 MiB/s, 平均速率: 1.01 MiB/s, 最高分辨率: 1920x1080, 平均帧率: 26.09, 视频编解码器: h264, 音频编解码器: mp2
分类: 📡卫视频道, 名称: 山东卫视, 总数: 166, 有效率: 1.20%, 有效: 2, IPv4: 166, IPv6: 0, 最小延迟: 25 ms, 最高速率: 12.37 MiB/s, 平均速率: 10.40 MiB/s, 最高分辨率: 1920x1080, 平均帧率: 26.32, 视频编解码器: h264, 音频编解码器: mp2
分类: 📡卫视频道, 名称: 山西卫视, 总数: 82, 有效率: 1.22%, 有效: 1, IPv4: 82, IPv6: 0, 最小延迟: 54 ms, 最高速率: 7.05 MiB/s, 平均速率: 7.05 MiB/s, 最高分辨率: 1920x1080, 平均帧率: 27.78, 视频编解码器: h264, 音频编解码器: mp2
分类: 📡卫视频道, 名称: 陕西卫视, 总数: 87, 有效率: 1.15%, 有效: 1, IPv4: 87, IPv6: 0, 最小延迟: 54 ms, 最高速率: 1.87 MiB/s, 平均速率: 1.87 MiB/s, 最高分辨率: 1920x1080, 平均帧率: 27.27, 视频编解码器: h264, 音频编解码器: mp2
分类: 📡卫视频道, 名称: 四川卫视, 总数: 157, 有效率: 0.64%, 有效: 1, IPv4: 157, IPv6: 0, 最小延迟: 53 ms, 最高速率: 6.36 MiB/s, 平均速率: 6.36 MiB/s, 最高分辨率: 1920x1080, 平均帧率: 25.0, 视频编解码器: h264, 音频编解码器: mp2
分类: 📡卫视频道, 名称: 深圳卫视, 总数: 184, 有效率: 1.63%, 有效: 3, IPv4: 184, IPv6: 0, 最小延迟: 53 ms, 最高速率: 5.40 MiB/s, 平均速率: 4.33 MiB/s, 最高分辨率: 1920x1080, 平均帧率: 25.0, 视频编解码器: h264, 音频编解码器: mp2
分类: 📡卫视频道, 名称: 三沙卫视, 总数: 77, 有效率: 1.30%, 有效: 1, IPv4: 77, IPv6: 0, 最小延迟: 54 ms, 最高速率: 2.11 MiB/s, 平均速率: 2.11 MiB/s, 最高分辨率: 1920x1080, 平均帧率: 25.83, 视频编解码器: h264, 音频编解码器: mp2
分类: 📡卫视频道, 名称: 天津卫视, 总数: 174, 有效率: 1.15%, 有效: 2, IPv4: 174, IPv6: 0, 最小延迟: 52 ms, 最高速率: 4.37 MiB/s, 平均速率: 2.81 MiB/s, 最高分辨率: 1920x1080, 平均帧率: 27.08, 视频编解码器: h264, 音频编解码器: mp2
分类: 📡卫视频道, 名称: 西藏卫视, 总数: 85, 有效率: 2.35%, 有效: 2, IPv4: 85, IPv6: 0, 最小延迟: 87 ms, 最高速率: 7.10 MiB/s, 平均速率: 6.74 MiB/s, 最高分辨率: 1920x1080, 平均帧率: 25.0, 视频编解码器: h264, 音频编解码器: mp2
分类: 📡卫视频道, 名称: 新疆卫视, 总数: 89, 有效率: 1.12%, 有效: 1, IPv4: 89, IPv6: 0, 最小延迟: 54 ms, 最高速率: 6.13 MiB/s, 平均速率: 6.13 MiB/s, 最高分辨率: 1920x1080, 平均帧率: 25.0, 视频编解码器: h264, 音频编解码器: mp2
分类: 📡卫视频道, 名称: 云南卫视, 总数: 130, 有效率: 0.77%, 有效: 1, IPv4: 130, IPv6: 0, 最小延迟: 53 ms, 最高速率: 1.44 MiB/s, 平均速率: 1.44 MiB/s, 最高分辨率: 1920x1080, 平均帧率: 26.14, 视频编解码器: h264, 音频编解码器: mp2
分类: 🌊港台频道, 名称: 翡翠台, 总数: 17, 有效率: 0.00%, 有效: 0, IPv4: 17, IPv6: 0, 最小延迟: 389 ms, 最高速率: 0.48 MiB/s, 平均速率: 0.00 MiB/s, 最高分辨率: 1920x1080, 平均帧率: 未知, 视频编解码器: 未知, 音频编解码器: 未知
分类: 🌊港台频道, 名称: 明珠台, 总数: 11, 有效率: 0.00%, 有效: 0, IPv4: 11, IPv6: 0, 最小延迟: — ms, 最高速率: 0.00 MiB/s, 平均速率: 0.00 MiB/s, 最高分辨率: —, 平均帧率: 未知, 视频编解码器: 未知, 音频编解码器: 未知
分类: 🌊港台频道, 名称: 香港卫视, 总数: 9, 有效率: 0.00%, 有效: 0, IPv4: 9, IPv6: 0, 最小延迟: 8 ms, 最高速率: 20.46 MiB/s, 平均速率: 0.00 MiB/s, 最高分辨率: 19x24, 平均帧率: 25.0, 视频编解码器: rawvideo, 音频编解码器: 未知
分类: 🌊港台频道, 名称: 凤凰中文, 总数: 46, 有效率: 0.00%, 有效: 0, IPv4: 46, IPv6: 0, 最小延迟: 32 ms, 最高速率: 3.17 MiB/s, 平均速率: 0.00 MiB/s, 最高分辨率: 1920x1080, 平均帧率: 26.67, 视频编解码器: h264, 音频编解码器: aac
分类: 🌊港台频道, 名称: 凤凰香港, 总数: 17, 有效率: 11.76%, 有效: 2, IPv4: 17, IPv6: 0, 最小延迟: 31 ms, 最高速率: 3.66 MiB/s, 平均速率: 1.95 MiB/s, 最高分辨率: 1280x720, 平均帧率: 27.5, 视频编解码器: h264, 音频编解码器: aac
分类: 🌊港台频道, 名称: TVBS亚洲, 总数: 11, 有效率: 54.55%, 有效: 6, IPv4: 11, IPv6: 0, 最小延迟: 90 ms, 最高速率: 1.81 MiB/s, 平均速率: 0.92 MiB/s, 最高分辨率: 1920x1080, 平均帧率: 29.97, 视频编解码器: h264, 音频编解码器: aac
分类: 🌊港台频道, 名称: 无线新闻, 总数: 25, 有效率: 12.00%, 有效: 3, IPv4: 25, IPv6: 0, 最小延迟: 28 ms, 最高速率: 27.89 MiB/s, 平均速率: 11.80 MiB/s, 最高分辨率: 1280x720, 平均帧率: 30.0, 视频编解码器: h264, 音频编解码器: aac
分类: 🌊港台频道, 名称: CHC家庭影院, 总数: 64, 有效率: 1.56%, 有效: 1, IPv4: 64, IPv6: 0, 最小延迟: 53 ms, 最高速率: 7.33 MiB/s, 平均速率: 7.33 MiB/s, 最高分辨率: 1920x1080, 平均帧率: 25.0, 视频编解码器: h264, 音频编解码器: aac
分类: 🌊港台频道, 名称: CHC动作电影, 总数: 63, 有效率: 0.00%, 有效: 0, IPv4: 63, IPv6: 0, 最小延迟: 195 ms, 最高速率: 0.26 MiB/s, 平均速率: 0.00 MiB/s, 最高分辨率: 1920x1080, 平均帧率: 25.0, 视频编解码器: h264, 音频编解码器: aac
分类: 🌊港台频道, 名称: 靖天映画, 总数: 5, 有效率: 40.00%, 有效: 2, IPv4: 5, IPv6: 0, 最小延迟: 285 ms, 最高速率: 3.03 MiB/s, 平均速率: 2.08 MiB/s, 最高分辨率: 1920x1080, 平均帧率: 30.0, 视频编解码器: h264, 音频编解码器: aac
分类: 🌊港台频道, 名称: 天映经典, 总数: 1, 有效率: 0.00%, 有效: 0, IPv4: 1, IPv6: 0, 最小延迟: — ms, 最高速率: 0.00 MiB/s, 平均速率: 0.00 MiB/s, 最高分辨率: —, 平均帧率: 未知, 视频编解码器: 未知, 音频编解码器: 未知
分类: 🌊港台频道, 名称: 龙祥电影, 总数: 1, 有效率: 100.00%, 有效: 1, IPv4: 1, IPv6: 0, 最小延迟: 287 ms, 最高速率: 2.78 MiB/s, 平均速率: 2.78 MiB/s, 最高分辨率: 1280x720, 平均帧率: 未知, 视频编解码器: 未知, 音频编解码器: 未知
分类: 🌊港台频道, 名称: 东森超视, 总数: 12, 有效率: 16.67%, 有效: 2, IPv4: 12, IPv6: 0, 最小延迟: 322 ms, 最高速率: 1.21 MiB/s, 平均速率: 0.99 MiB/s, 最高分辨率: 1920x1080, 平均帧率: 29.97, 视频编解码器: h264, 音频编解码器: aac
分类: 🌊港台频道, 名称: 东森洋片, 总数: 4, 有效率: 50.00%, 有效: 2, IPv4: 4, IPv6: 0, 最小延迟: 285 ms, 最高速率: 3.02 MiB/s, 平均速率: 1.92 MiB/s, 最高分辨率: 1280x720, 平均帧率: 未知, 视频编解码器: 未知, 音频编解码器: 未知
